

================================================================
== Vivado HLS Report for 'qrf_top'
================================================================
* Date:           Fri Sep 28 05:01:09 2018

* Version:        2017.4 (Build 2086221 on Fri Dec 15 21:13:33 MST 2017)
* Project:        qr
* Solution:       solution1
* Product family: virtex7
* Target device:  xc7vx690tffg1157-2


================================================================
== Performance Estimates
================================================================
+ Timing (ns): 
    * Summary: 
    +--------+-------+----------+------------+
    |  Clock | Target| Estimated| Uncertainty|
    +--------+-------+----------+------------+
    |ap_clk  |   4.00|      3.43|        0.50|
    +--------+-------+----------+------------+

+ Latency (clock cycles): 
    * Summary: 
    +------+-------+------+-------+---------+
    |    Latency   |   Interval   | Pipeline|
    |  min |  max  |  min |  max  |   Type  |
    +------+-------+------+-------+---------+
    |  6993|  13909|  6993|  13909|   none  |
    +------+-------+------+-------+---------+

    + Detail: 
        * Instance: 
        +--------------------+---------+------+-------+------+-------+---------+
        |                    |         |    Latency   |   Interval   | Pipeline|
        |      Instance      |  Module |  min |  max  |  min |  max  |   Type  |
        +--------------------+---------+------+-------+------+-------+---------+
        |grp_qrf_alt_fu_205  |qrf_alt  |  3821|  10737|  3821|  10737|   none  |
        +--------------------+---------+------+-------+------+-------+---------+

        * Loop: 
        +---------------+------+------+----------+-----------+-----------+------+----------+
        |               |   Latency   | Iteration|  Initiation Interval  | Trip |          |
        |   Loop Name   |  min |  max |  Latency |  achieved |   target  | Count| Pipelined|
        +---------------+------+------+----------+-----------+-----------+------+----------+
        |- a_row_loop   |  1056|  1056|        66|          -|          -|    16|    no    |
        | + a_col_loop  |    64|    64|         4|          -|          -|    16|    no    |
        |- r_row_loop   |  1056|  1056|        66|          -|          -|    16|    no    |
        | + r_col_loop  |    64|    64|         4|          -|          -|    16|    no    |
        |- q_row_loop   |  1056|  1056|        66|          -|          -|    16|    no    |
        | + q_col_loop  |    64|    64|         4|          -|          -|    16|    no    |
        +---------------+------+------+----------+-----------+-----------+------+----------+



================================================================
== Utilization Estimates
================================================================
* Summary: 
+-----------------+---------+-------+--------+--------+
|       Name      | BRAM_18K| DSP48E|   FF   |   LUT  |
+-----------------+---------+-------+--------+--------+
|DSP              |        -|      -|       -|       -|
|Expression       |        -|      -|       0|     207|
|FIFO             |        -|      -|       -|       -|
|Instance         |        8|     48|   18865|   11464|
|Memory           |        3|      -|       0|       0|
|Multiplexer      |        -|      -|       -|     251|
|Register         |        -|      -|     249|       -|
+-----------------+---------+-------+--------+--------+
|Total            |       11|     48|   19114|   11922|
+-----------------+---------+-------+--------+--------+
|Available        |     2940|   3600|  866400|  433200|
+-----------------+---------+-------+--------+--------+
|Utilization (%)  |    ~0   |      1|       2|       2|
+-----------------+---------+-------+--------+--------+

+ Detail: 
    * Instance: 
    +--------------------+---------+---------+-------+-------+-------+
    |      Instance      |  Module | BRAM_18K| DSP48E|   FF  |  LUT  |
    +--------------------+---------+---------+-------+-------+-------+
    |grp_qrf_alt_fu_205  |qrf_alt  |        8|     48|  18865|  11464|
    +--------------------+---------+---------+-------+-------+-------+
    |Total               |         |        8|     48|  18865|  11464|
    +--------------------+---------+---------+-------+-------+-------+

    * DSP48: 
    N/A

    * Memory: 
    +------------+-------------+---------+---+----+------+-----+------+-------------+
    |   Memory   |    Module   | BRAM_18K| FF| LUT| Words| Bits| Banks| W*Bits*Banks|
    +------------+-------------+---------+---+----+------+-----+------+-------------+
    |a_i_U       |qrf_top_a_i  |        1|  0|   0|   256|   32|     1|         8192|
    |Q_assign_U  |qrf_top_a_i  |        1|  0|   0|   256|   32|     1|         8192|
    |R_assign_U  |qrf_top_a_i  |        1|  0|   0|   256|   32|     1|         8192|
    +------------+-------------+---------+---+----+------+-----+------+-------------+
    |Total       |             |        3|  0|   0|   768|   96|     3|        24576|
    +------------+-------------+---------+---+----+------+-----+------+-------------+

    * FIFO: 
    N/A

    * Expression: 
    +---------------------+----------+-------+---+----+------------+------------+
    |    Variable Name    | Operation| DSP48E| FF| LUT| Bitwidth P0| Bitwidth P1|
    +---------------------+----------+-------+---+----+------------+------------+
    |c_1_fu_250_p2        |     +    |      0|  0|  15|           5|           1|
    |c_2_fu_299_p2        |     +    |      0|  0|  15|           5|           1|
    |c_3_fu_348_p2        |     +    |      0|  0|  15|           5|           1|
    |r_1_fu_226_p2        |     +    |      0|  0|  15|           5|           1|
    |r_2_fu_275_p2        |     +    |      0|  0|  15|           5|           1|
    |r_3_fu_324_p2        |     +    |      0|  0|  15|           5|           1|
    |tmp_1_fu_309_p2      |     +    |      0|  0|  17|          10|          10|
    |tmp_3_fu_358_p2      |     +    |      0|  0|  17|          10|          10|
    |tmp_9_fu_260_p2      |     +    |      0|  0|  17|          10|          10|
    |exitcond1_fu_318_p2  |   icmp   |      0|  0|  11|           5|           6|
    |exitcond2_fu_293_p2  |   icmp   |      0|  0|  11|           5|           6|
    |exitcond3_fu_269_p2  |   icmp   |      0|  0|  11|           5|           6|
    |exitcond4_fu_244_p2  |   icmp   |      0|  0|  11|           5|           6|
    |exitcond5_fu_220_p2  |   icmp   |      0|  0|  11|           5|           6|
    |exitcond_fu_342_p2   |   icmp   |      0|  0|  11|           5|           6|
    +---------------------+----------+-------+---+----+------------+------------+
    |Total                |          |      0|  0| 207|          90|          72|
    +---------------------+----------+-------+---+----+------------+------------+

    * Multiplexer: 
    +-------------------+----+-----------+-----+-----------+
    |        Name       | LUT| Input Size| Bits| Total Bits|
    +-------------------+----+-----------+-----+-----------+
    |Q_assign_address0  |  15|          3|    8|         24|
    |Q_assign_ce0       |  15|          3|    1|          3|
    |Q_assign_we0       |   9|          2|    1|          2|
    |R_assign_address0  |  15|          3|    8|         24|
    |R_assign_ce0       |  15|          3|    1|          3|
    |R_assign_we0       |   9|          2|    1|          2|
    |a_i_address0       |  15|          3|    8|         24|
    |a_i_ce0            |  15|          3|    1|          3|
    |ap_NS_fsm          |  89|         18|    1|         18|
    |c2_reg_172         |   9|          2|    5|         10|
    |c4_reg_194         |   9|          2|    5|         10|
    |c_reg_150          |   9|          2|    5|         10|
    |r1_reg_161         |   9|          2|    5|         10|
    |r3_reg_183         |   9|          2|    5|         10|
    |r_reg_139          |   9|          2|    5|         10|
    +-------------------+----+-----------+-----+-----------+
    |Total              | 251|         52|   60|        163|
    +-------------------+----+-----------+-----+-----------+

    * Register: 
    +------------------------------------+----+----+-----+-----------+
    |                Name                | FF | LUT| Bits| Const Bits|
    +------------------------------------+----+----+-----+-----------+
    |A_load_reg_403                      |  32|   0|   32|          0|
    |Q_assign_load_reg_485               |  32|   0|   32|          0|
    |R_assign_load_reg_444               |  32|   0|   32|          0|
    |ap_CS_fsm                           |  17|   0|   17|          0|
    |ap_reg_grp_qrf_alt_fu_205_ap_start  |   1|   0|    1|          0|
    |c2_reg_172                          |   5|   0|    5|          0|
    |c4_reg_194                          |   5|   0|    5|          0|
    |c_1_reg_383                         |   5|   0|    5|          0|
    |c_2_reg_424                         |   5|   0|    5|          0|
    |c_3_reg_465                         |   5|   0|    5|          0|
    |c_reg_150                           |   5|   0|    5|          0|
    |r1_reg_161                          |   5|   0|    5|          0|
    |r3_reg_183                          |   5|   0|    5|          0|
    |r_1_reg_370                         |   5|   0|    5|          0|
    |r_2_reg_411                         |   5|   0|    5|          0|
    |r_3_reg_452                         |   5|   0|    5|          0|
    |r_reg_139                           |   5|   0|    5|          0|
    |tmp_11_cast_reg_457                 |   5|   0|   10|          5|
    |tmp_12_cast_reg_434                 |  10|   0|   64|         54|
    |tmp_13_cast_reg_475                 |  10|   0|   64|         54|
    |tmp_1_cast_reg_375                  |   5|   0|   10|          5|
    |tmp_1_reg_429                       |  10|   0|   10|          0|
    |tmp_3_reg_470                       |  10|   0|   10|          0|
    |tmp_8_cast_reg_416                  |   5|   0|   10|          5|
    |tmp_9_cast_reg_393                  |  10|   0|   64|         54|
    |tmp_9_reg_388                       |  10|   0|   10|          0|
    +------------------------------------+----+----+-----+-----------+
    |Total                               | 249|   0|  426|        177|
    +------------------------------------+----+----+-----+-----------+



================================================================
== Interface
================================================================
* Summary: 
+------------+-----+-----+------------+--------------+--------------+
|  RTL Ports | Dir | Bits|  Protocol  | Source Object|    C Type    |
+------------+-----+-----+------------+--------------+--------------+
|ap_clk      |  in |    1| ap_ctrl_hs |    qrf_top   | return value |
|ap_rst      |  in |    1| ap_ctrl_hs |    qrf_top   | return value |
|ap_start    |  in |    1| ap_ctrl_hs |    qrf_top   | return value |
|ap_done     | out |    1| ap_ctrl_hs |    qrf_top   | return value |
|ap_idle     | out |    1| ap_ctrl_hs |    qrf_top   | return value |
|ap_ready    | out |    1| ap_ctrl_hs |    qrf_top   | return value |
|A_address0  | out |    8|  ap_memory |       A      |     array    |
|A_ce0       | out |    1|  ap_memory |       A      |     array    |
|A_q0        |  in |   32|  ap_memory |       A      |     array    |
|Q_address0  | out |    8|  ap_memory |       Q      |     array    |
|Q_ce0       | out |    1|  ap_memory |       Q      |     array    |
|Q_we0       | out |    1|  ap_memory |       Q      |     array    |
|Q_d0        | out |   32|  ap_memory |       Q      |     array    |
|R_address0  | out |    8|  ap_memory |       R      |     array    |
|R_ce0       | out |    1|  ap_memory |       R      |     array    |
|R_we0       | out |    1|  ap_memory |       R      |     array    |
|R_d0        | out |   32|  ap_memory |       R      |     array    |
+------------+-----+-----+------------+--------------+--------------+

